// Jest Snapshot v1, https://goo.gl/fbAQLP

exports[`<TodoList /> tests should show the right component 1`] = `
<ul>
  <TodoListItem
    handleDelete={[MockFunction]}
    handleToggle={[MockFunction]}
    index={0}
    key="1"
    todo={
      Object {
        "description": "Learn React",
        "done": true,
        "id": 1,
      }
    }
  />
  <TodoListItem
    handleDelete={[MockFunction]}
    handleToggle={[MockFunction]}
    index={1}
    key="2"
    todo={
      Object {
        "description": "Learn Mongo",
        "done": false,
        "id": 2,
      }
    }
  />
</ul>
`;
