// Jest Snapshot v1, https://goo.gl/fbAQLP

exports[`<MultipleCustomHooks /> tests should show the right component 1`] = `
<div
  className="min-height-full content has-background-dark is-flex is-flex-direction-column is-align-items-start p-6 has-text-light"
>
  <h1
    className="has-text-light"
  >
    Breaking Bad Quotes
  </h1>
  <hr
    className="full-rule has-background-grey-dark"
  />
  <div
    className="notification is-warning is-light"
  >
    Loading...
  </div>
  <button
    className="button is-primary"
    onClick={[Function]}
  >
    Next quote
  </button>
</div>
`;
