// Jest Snapshot v1, https://goo.gl/fbAQLP

exports[`<LoginScreen /> tests should show the right component 1`] = `
<div
  className="min-height-full content has-background-dark p-6 has-text-light"
>
  <h1
    className="has-text-light"
  >
    Login
  </h1>
  <hr
    className="full-rule has-background-grey-dark"
  />
  <button
    className="button is-primary"
    onClick={[Function]}
  >
    Login
  </button>
</div>
`;
